cd serve_test && go test -v -tags netgo \
	-ldflags '-w -extldflags "-static"'
=== RUN   TestUDP
starting UDP echo server listening on : 8102
2019/06/12 10:54:02 Waiting 10 more seconds.
2019/06/12 10:54:12 Waiting 0 more seconds.
2019/06/12 10:54:12 received: test from:  127.0.0.1:50271
2019/06/12 10:54:13 Waiting 10 more seconds.
2019/06/12 10:54:23 Waiting 0 more seconds.
2019/06/12 10:54:23 SAM Bridge connection established.
2019/06/12 10:54:23 Destination keys generated, tunnel name: testudpserver
2019/06/12 10:54:23 SAM Bridge connection established.
2019/06/12 10:54:23 Destination keys generated, tunnel name: testudpserver
2019/06/12 10:54:23 Serving on UDP port: 8102  and on 3mmqpezetdql2ziha2v6ife6hywdqlwfdvbvnfiwao3zmtpr4c2a.b32.i2p
2019/06/12 10:54:24 Waiting 60 more seconds.
2019/06/12 10:54:34 Waiting 50 more seconds.
2019/06/12 10:54:38 SAM datagram session established.
2019/06/12 10:54:38 Starting Forwarder.
2019/06/12 10:54:38 SAM Keys loaded, 3mmqpezetdql2ziha2v6ife6hywdqlwfdvbvnfiwao3zmtpr4c2a.b32.i2p
2019/06/12 10:54:38 Attempting to resolve local UDP Service to forward to I2P 127.0.0.1:8102
2019/06/12 10:54:38 Attempting to dial resolved UDP Address 127.0.0.1:8102
2019/06/12 10:54:38 Connected &{127.0.0.1:7656 testudpserver 0xc00000c038 0xc00000c048 {qtZs1PDconQ~tGfynekbncX88y2kjLHHRE8AQT7dwBHWpAIiBv4dfkw51QV2bKcso~-dFx8uYlxinwoYjZJYcOlA7gaip2Wo2U-GFrcv7qDw~zbQhT8uDDeyKzjotGMZ8~IQfVWV41fjCEkCSaabu32Qj3ONpsz-mWrvKOc-VXQ7whNwTMkmKDrgQ0eB-R3TZyIoVAM68SoW5SBvCplCnaLOAFceVDvidivMwQaMH7pMn9KmUAkWsI16iNaIUSTmoVpHkTS4XL0UMlfX6BeoEWva-kCkGZkqGUAndm5S8pDXuGS6~yLT6LHWmzwVd68OlC70wvV6r45baZs7lbswXyQmvIeaRg5xcQ6GfIokjczmx9ksyxdLGexRRs2Ap0A8MjLsB5SuRxZB1Ti57kf5v-bAcdZ~iF12wmh8bDdBh55v-CFbVfLi1CVsjDLTZvwAvh-fd3gHAOdlB~ridS~10f~VlnVbyEGLWFCNxY3hkolIhIdMIjJVlrbqgIv-dIXQAAAA qtZs1PDconQ~tGfynekbncX88y2kjLHHRE8AQT7dwBHWpAIiBv4dfkw51QV2bKcso~-dFx8uYlxinwoYjZJYcOlA7gaip2Wo2U-GFrcv7qDw~zbQhT8uDDeyKzjotGMZ8~IQfVWV41fjCEkCSaabu32Qj3ONpsz-mWrvKOc-VXQ7whNwTMkmKDrgQ0eB-R3TZyIoVAM68SoW5SBvCplCnaLOAFceVDvidivMwQaMH7pMn9KmUAkWsI16iNaIUSTmoVpHkTS4XL0UMlfX6BeoEWva-kCkGZkqGUAndm5S8pDXuGS6~yLT6LHWmzwVd68OlC70wvV6r45baZs7lbswXyQmvIeaRg5xcQ6GfIokjczmx9ksyxdLGexRRs2Ap0A8MjLsB5SuRxZB1Ti57kf5v-bAcdZ~iF12wmh8bDdBh55v-CFbVfLi1CVsjDLTZvwAvh-fd3gHAOdlB~ridS~10f~VlnVbyEGLWFCNxY3hkolIhIdMIjJVlrbqgIv-dIXQAAAAmJ7LRaVzZTs16kFFoCFpE5EADMJXgi724bpZNYzdqRiCFqrbQaT6p14iMtOdaL2Tw8KUmp9YisQA-WFMK6eWI6OW~zMdCPTLUQ~-1j5y3FRRf9xjymJvp9H3lJEDm7Bj4aBvrOoH-wNmwxy2fCaRThlW0Rs-Ne9jodeVCbE0N0OqF1-JP8g3whnVgoN2zHwXxpny6BaWapnwWTUQUy~zvZ~RD4cLTX9eTmnmFTBmcTX-2NWx7vJlCSBscZtu-uz~VIGvDJp84SV-LD~4UGYZqlaQed-JPCjfv9nJdyvXgv71JqxSvN4H9E238BAiw6NEvk7omtG0gEI4akWoJaCgN4GK36y1PqiX7L59pZMshexxwpy9} 0xc00010a390} to localhost &{{0xc00010e380}}
2019/06/12 10:54:44 Waiting 40 more seconds.
2019/06/12 10:54:54 Waiting 30 more seconds.
2019/06/12 10:55:04 Waiting 20 more seconds.
2019/06/12 10:55:14 Waiting 10 more seconds.
2019/06/12 10:55:24 Waiting 0 more seconds.
2019/06/12 10:55:24 SAM Bridge connection established.
2019/06/12 10:55:24 Destination keys generated, tunnel name: testudpclient
2019/06/12 10:55:24 SAM Bridge connection established.
2019/06/12 10:55:24 Destination keys generated, tunnel name: testudpclient
2019/06/12 10:55:24 Connecting UDP port: 8104 to 3mmqpezetdql2ziha2v6ife6hywdqlwfdvbvnfiwao3zmtpr4c2a.b32.i2p
2019/06/12 10:55:24 Establishing a SAM datagram session.
2019/06/12 10:55:25 Waiting 60 more seconds.
2019/06/12 10:55:27 SAM datagram session established.
2019/06/12 10:55:27 Connected to localhost &{{0xc000100280}}
2019/06/12 10:55:35 Waiting 50 more seconds.
2019/06/12 10:55:45 Waiting 40 more seconds.
2019/06/12 10:55:55 Waiting 30 more seconds.
2019/06/12 10:56:05 Waiting 20 more seconds.
2019/06/12 10:56:15 Waiting 10 more seconds.
2019/06/12 10:56:25 Waiting 0 more seconds.
--- FAIL: TestUDP (144.02s)
    serve_test.go:47: dial udp 127.0.0.1:8103->127.0.0.1:8104: bind: address already in use
FAIL
exit status 1
FAIL	github.com/eyedeekay/sam-forwarder/serve_test	144.027s
make: *** [Makefile:46: test-serve] Error 1
